mysql> show databases;
+--------------------+
| Database           |
+--------------------+
| 4bsccm_2340146     |
| 4bsccm_2340177     |
| food               |
| foodmng            |
| information_schema |
| library_mangement  |
| mysql              |
| performance_schema |
| social_mediadb     |
| socialmediadb      |
| sys                |
| world              |
+--------------------+
12 rows in set (0.00 sec)

mysql> use 4bsccm_2340177;
Database changed
mysql> CREATE TABLE tournaments (
    ->     tournament_id INT AUTO_INCREMENT PRIMARY KEY,
    ->     name VARCHAR(100),
    ->     start_date DATE,
    ->     end_date DATE,
    ->     registration_fee DECIMAL(10,2),
    ->     total_prize DECIMAL(10,2)
    -> );
ERROR 1050 (42S01): Table 'tournaments' already exists
mysql> 
mysql> drop table tournaments;
ERROR 3730 (HY000): Cannot drop table 'tournaments' referenced by a foreign key constraint 'participants_ibfk_1' on table 'participants'.
mysql> drop database 4bsccm_2341077;
ERROR 1008 (HY000): Can't drop database '4bsccm_2341077'; database doesn't exist
mysql> drop database 4bsccm_2340177;
Query OK, 4 rows affected (0.07 sec)

mysql> use 4bsccm_2340177;
ERROR 1049 (42000): Unknown database '4bsccm_2340177'
mysql> create database 4bsccm_2340177;
Query OK, 1 row affected (0.01 sec)

mysql> \! csl
mysql> \! cls
mysql> use 4bsccm_2340177;
Database changed
mysql> CREATE TABLE tournaments (
    ->     tournament_id INT AUTO_INCREMENT PRIMARY KEY,
    ->     name VARCHAR(100),
    ->     start_date DATE,
    ->     end_date DATE,
    ->     registration_fee DECIMAL(10,2),
    ->     total_prize DECIMAL(10,2)
    -> );
Query OK, 0 rows affected (0.02 sec)

mysql> INSERT INTO tournaments (name, start_date, end_date, registration_fee, total_prize) VALUES
    -> ('Football Cup', '2025-03-10', '2025-03-20', 50.00, 5000.00),
    -> ('Basketball League', '2025-04-05', '2025-04-15', 75.00, 7500.00),
    -> ('Tennis Open', '2025-05-01', '2025-05-10', 100.00, 10000.00);
Query OK, 3 rows affected (0.01 sec)
Records: 3  Duplicates: 0  Warnings: 0

mysql> 
mysql> 
mysql> SELECT CURRENT_DATE() AS TodayDate;
+------------+
| TodayDate  |
+------------+
| 2025-02-22 |
+------------+
1 row in set (0.01 sec)

mysql> 
mysql> ^C
mysql> SELECT name, end_date FROM tournaments WHERE end_date < CURRENT_DATE();
Empty set (0.01 sec)

mysql> SELECT name, start_date FROM tournaments WHERE start_date BETWEEN CURRENT_DATE() AND DATE_ADD(CURRENT_DATE(), INTERVAL 30 DAY);
+--------------+------------+
| name         | start_date |
+--------------+------------+
| Football Cup | 2025-03-10 |
+--------------+------------+
1 row in set (0.01 sec)

mysql> SELECT name, DATEDIFF(end_date, start_date) AS DurationInDays FROM tournaments;
+-------------------+----------------+
| name              | DurationInDays |
+-------------------+----------------+
| Football Cup      |             10 |
| Basketball League |             10 |
| Tennis Open       |              9 |
+-------------------+----------------+
3 rows in set (0.01 sec)

mysql> SELECT name, DATE_ADD(start_date, INTERVAL 7 DAY) AS StartAfter7Days FROM tournaments;
+-------------------+-----------------+
| name              | StartAfter7Days |
+-------------------+-----------------+
| Football Cup      | 2025-03-17      |
| Basketball League | 2025-04-12      |
| Tennis Open       | 2025-05-08      |
+-------------------+-----------------+
3 rows in set (0.00 sec)

mysql> SELECT name, ABS(registration_fee) AS AbsoluteFee FROM tournaments;
+-------------------+-------------+
| name              | AbsoluteFee |
+-------------------+-------------+
| Football Cup      |       50.00 |
| Basketball League |       75.00 |
| Tennis Open       |      100.00 |
+-------------------+-------------+
3 rows in set (0.01 sec)

mysql> ELECT name, ROUND(registration_fee) AS RoundedFee FROM tournaments;
ERROR 1064 (42000): You have an error in your SQL syntax; check the manual that corresponds to your MySQL server version for the right syntax to use near 'ELECT name, ROUND(registration_fee) AS RoundedFee FROM tournaments' at line 1
mysql> sELECT name, ROUND(registration_fee) AS RoundedFee FROM tournaments;
+-------------------+------------+
| name              | RoundedFee |
+-------------------+------------+
| Football Cup      |         50 |
| Basketball League |         75 |
| Tennis Open       |        100 |
+-------------------+------------+
3 rows in set (0.01 sec)

mysql> SELECT name, ROUND(total_prize, -2) AS RoundedPrize FROM tournaments WHERE registration_fee > 50;
+-------------------+--------------+
| name              | RoundedPrize |
+-------------------+--------------+
| Basketball League |         7500 |
| Tennis Open       |        10000 |
+-------------------+--------------+
2 rows in set (0.01 sec)

mysql> 
mysql> SELECT name, SQRT(total_prize) AS PrizeRoot FROM tournaments;
+-------------------+-------------------+
| name              | PrizeRoot         |
+-------------------+-------------------+
| Football Cup      | 70.71067811865476 |
| Basketball League | 86.60254037844386 |
| Tennis Open       |               100 |
+-------------------+-------------------+
3 rows in set (0.01 sec)

mysql> 
mysql> SELECT name, MOD(total_prize, 5000) AS Remainder FROM tournaments;
+-------------------+-----------+
| name              | Remainder |
+-------------------+-----------+
| Football Cup      |      0.00 |
| Basketball League |   2500.00 |
| Tennis Open       |      0.00 |
+-------------------+-----------+
3 rows in set (0.00 sec)

mysql> 
mysql> notee;
